\BOOKMARK [1][-]{section.1}{\376\377\000O\000b\000j\000e\000c\000t\000i\000f\000\040\000d\000e\000\040\000c\000e\000t\000t\000e\000\040\000p\000h\000a\000s\000e}{}% 1
\BOOKMARK [1][-]{section.2}{\376\377\000R\000a\000p\000p\000e\000l\000\040\000d\000e\000\040\000l\000'\000\351\000t\000a\000t\000\040\000d\000e\000\040\000d\000\351\000p\000a\000r\000t}{}% 2
\BOOKMARK [1][-]{section.3}{\376\377\000N\000o\000u\000v\000e\000a\000u\000t\000\351\000s\000\040\000e\000t\000\040\000a\000m\000\351\000l\000i\000o\000r\000a\000t\000i\000o\000n\000s\000\040\000d\000e\000\040\000l\000a\000\040\000p\000h\000a\000s\000e\000\040\0002}{}% 3
\BOOKMARK [2][-]{subsection.3.1}{\376\377\000C\000o\000r\000r\000e\000c\000t\000i\000o\000n\000\040\000d\000e\000\040\000l\000a\000\040\000d\000\351\000f\000i\000n\000i\000t\000i\000o\000n\000\040\000d\000e\000\040\000d\000\050\000k\000,\000l\000\051}{section.3}% 4
\BOOKMARK [2][-]{subsection.3.2}{\376\377\000C\000o\000r\000r\000e\000c\000t\000i\000o\000n\000\040\000d\000e\000\040\000l\000a\000\040\000f\000o\000r\000m\000u\000l\000e\000\040\000d\000e\000\040\000p\000h\000i\0002}{section.3}% 5
\BOOKMARK [2][-]{subsection.3.3}{\376\377\000A\000j\000o\000u\000t\000\040\000d\000e\000\040\000c\000o\000m\000m\000e\000n\000t\000a\000i\000r\000e\000s\000\040\000p\000o\000u\000r\000\040\000l\000a\000\040\000s\000o\000u\000t\000e\000n\000a\000n\000c\000e}{section.3}% 6
\BOOKMARK [2][-]{subsection.3.4}{\376\377\000R\000e\000n\000f\000o\000r\000c\000e\000m\000e\000n\000t\000\040\000d\000e\000s\000\040\000t\000e\000s\000t\000s}{section.3}% 7
\BOOKMARK [2][-]{subsection.3.5}{\376\377\000C\000o\000r\000r\000e\000c\000t\000i\000o\000n\000\040\000d\000e\000\040\000l\000a\000\040\000g\000\351\000n\000\351\000r\000a\000t\000i\000o\000n\000\040\000d\000e\000s\000\040\000f\000i\000g\000u\000r\000e\000s}{section.3}% 8
\BOOKMARK [1][-]{section.4}{\376\377\000R\000\351\000s\000u\000l\000t\000a\000t\000s\000\040\000e\000x\000p\000\351\000r\000i\000m\000e\000n\000t\000a\000u\000x\000\040\000p\000r\000o\000d\000u\000i\000t\000s\000\040\000d\000u\000r\000a\000n\000t\000\040\000c\000e\000t\000t\000e\000\040\000p\000h\000a\000s\000e}{}% 9
\BOOKMARK [2][-]{subsection.4.1}{\376\377\000F\000i\000c\000h\000i\000e\000r\000s\000\040\000g\000\351\000n\000\351\000r\000\351\000s}{section.4}% 10
\BOOKMARK [2][-]{subsection.4.2}{\376\377\000M\000e\000s\000u\000r\000e\000\040\000p\000h\000i\0002\000\040\000p\000o\000u\000r\000\040\000l\000e\000s\000\040\000v\000o\000t\000e\000s\000\040\000p\000a\000r\000\040\000a\000p\000p\000r\000o\000b\000a\000t\000i\000o\000n}{section.4}% 11
\BOOKMARK [2][-]{subsection.4.3}{\376\377\000M\000e\000s\000u\000r\000e\000\040\000p\000h\000i\0002\000\040\000p\000o\000u\000r\000\040\000l\000e\000s\000\040\000v\000o\000t\000e\000s\000\040\000p\000a\000r\000\040\000o\000r\000d\000r\000e\000s\000\040\000t\000o\000t\000a\000u\000x}{section.4}% 12
\BOOKMARK [2][-]{subsection.4.4}{\376\377\000M\000e\000s\000u\000r\000e\000\040\000p\000h\000i\000\040\000d\000H\000\040\000p\000o\000u\000r\000\040\000l\000e\000s\000\040\000v\000o\000t\000e\000s\000\040\000p\000a\000r\000\040\000a\000p\000p\000r\000o\000b\000a\000t\000i\000o\000n}{section.4}% 13
\BOOKMARK [2][-]{subsection.4.5}{\376\377\000M\000e\000s\000u\000r\000e\000\040\000p\000h\000i\000\040\000d\000S\000\040\000p\000o\000u\000r\000\040\000l\000e\000s\000\040\000v\000o\000t\000e\000s\000\040\000p\000a\000r\000\040\000o\000r\000d\000r\000e\000s\000\040\000t\000o\000t\000a\000u\000x}{section.4}% 14
\BOOKMARK [1][-]{section.5}{\376\377\000B\000i\000l\000a\000n\000\040\000t\000e\000c\000h\000n\000i\000q\000u\000e\000\040\000d\000e\000\040\000l\000a\000\040\000p\000h\000a\000s\000e\000\040\0002}{}% 15
\BOOKMARK [2][-]{subsection.5.1}{\376\377\000C\000e\000\040\000q\000u\000i\000\040\000a\000\040\000\351\000t\000\351\000\040\000a\000j\000o\000u\000t\000\351}{section.5}% 16
\BOOKMARK [2][-]{subsection.5.2}{\376\377\000C\000e\000\040\000q\000u\000i\000\040\000a\000\040\000\351\000t\000\351\000\040\000c\000o\000r\000r\000i\000g\000\351}{section.5}% 17
\BOOKMARK [2][-]{subsection.5.3}{\376\377\000C\000e\000\040\000q\000u\000i\000\040\000a\000\040\000\351\000t\000\351\000\040\000v\000a\000l\000i\000d\000\351}{section.5}% 18
\BOOKMARK [1][-]{section.6}{\376\377\000L\000i\000m\000i\000t\000e\000s\000\040\000r\000e\000s\000t\000a\000n\000t\000e\000s}{}% 19
\BOOKMARK [1][-]{section.7}{\376\377\000P\000r\000o\000c\000h\000a\000i\000n\000e\000\040\000\351\000t\000a\000p\000e}{}% 20
\BOOKMARK [1][-]{section.8}{\376\377\000C\000o\000n\000c\000l\000u\000s\000i\000o\000n}{}% 21
